Microchip MPLAB XC8 Compiler V1.41 ()

Linker command line:

-W-3 --edf=/Applications/microchip/xc8/v1.41/dat/en_msgs.txt -cs \
  -h+dist/default/production/BottleSorter.X.production.sym \
  --cmf=dist/default/production/BottleSorter.X.production.cmf -z -Q18F4620 \
  -o/tmp/xcb13WM6W -Mdist/default/production/BottleSorter.X.production.map \
  -E1 -ver=XC8 -ASTACK=0153h-0f7fh -pstack=STACK -ACODE=00h-0FFFFh \
  -ACONST=00h-0FFFFh -ASMALLCONST=01000h-010FFhx240 \
  -AMEDIUMCONST=01000h-0FFFFh -ACOMRAM=01h-07Fh -AABS1=00h-0F7Fh \
  -ABIGRAM=01h-0F7Fh -ARAM=080h-0FFh,0100h-01FFhx14,0F00h-0F7Fh \
  -ABANK0=080h-0FFh -ABANK1=0100h-01FFh -ABANK2=0200h-02FFh \
  -ABANK3=0300h-03FFh -ABANK4=0400h-04FFh -ABANK5=0500h-05FFh \
  -ABANK6=0600h-06FFh -ABANK7=0700h-07FFh -ABANK8=0800h-08FFh \
  -ABANK9=0900h-09FFh -ABANK10=0A00h-0AFFh -ABANK11=0B00h-0BFFh \
  -ABANK12=0C00h-0CFFh -ABANK13=0D00h-0DFFh -ABANK14=0E00h-0EFFh \
  -ABANK15=0F00h-0F7Fh -ASFR=0F80h-0FFFh \
  -preset_vec=00h,intcode=08h,intcodelo,powerup,init -pramtop=01000h \
  -psmallconst=SMALLCONST -pmediumconst=MEDIUMCONST -pconst=CONST \
  -AFARRAM=00h-00h -ACONFIG=0300000h-030000Dh -pconfig=CONFIG \
  -AIDLOC=0200000h-0200007h -pidloc=IDLOC -AEEDATA=0F00000h-0F003FFh \
  -peeprom_data=EEDATA \
  -prdata=COMRAM,nvrram=COMRAM,nvbit=COMRAM,rbss=COMRAM,rbit=COMRAM \
  -pfarbss=FARRAM,fardata=FARRAM,nvFARRAM=FARRAM \
  -pintsave_regs=BIGRAM,bigbss=BIGRAM,bigdata=BIGRAM -pbss=RAM \
  -pidata=CODE,irdata=CODE,ibigdata=CODE,ifardata=CODE -prparam=COMRAM \
  /tmp/xcoiiW9wS.obj dist/default/production/BottleSorter.X.production.obj 

Object code version is 3.11

Machine type is 18F4620

Call graph: (short form)




                Name                               Link     Load   Length Selector   Space Scale
/tmp/xcoiiW9wS.obj
                init                                  E        E        4        4       0
                reset_vec                             0        0        4        0       0
                idloc                            200000   200000        8   200000       0
                config                           300000   300000        E   300000       0
dist/default/production/BottleSorter.X.production.obj
                intcode                               8        8        6        4       0
                temp                                 4B       4B        1        1       1
                mediumconst                        FD42     FD42      2BE     7EA1       0
                text71                             32EC     32EC       3E        4       0
                text70                             30AE     30AE       44        4       0
                text69                             2F8A     2F8A       4E        4       0
                text68                             35B4     35B4        C        4       0
                text67                             353E     353E       18        4       0
                text66                             32AE     32AE       3E        4       0
                text65                             2EEA     2EEA       52        4       0
                text64                             3134     3134       42        4       0
                text63                             345E     345E       26        4       0
                text62                             3508     3508       1E        4       0
                text61                             35A8     35A8        C        4       0
                text60                             13AA     13AA      37A        4       0
                text59                             332A     332A       3C        4       0
                text58                             357E     357E       12        4       0
                text57                             3438     3438       26        4       0
                text56                             35EC     35EC        8        4       0
                text55                             35E4     35E4        8        4       0
                text54                             35CA     35CA        A        4       0
                text53                             2D6E     2D6E       72        4       0
                intcode_body                       26E6     26E6       EE        4       0
                text51                             2C7A     2C7A       82        4       0
                text50                             2E3C     2E3C       5C        4       0
                text49                             3270     3270       3E        4       0
                text48                             3232     3232       3E        4       0
                text47                             306A     306A       44        4       0
                text46                             2F3C     2F3C       4E        4       0
                text45                             359C     359C        C        4       0
                text44                             3024     3024       46        4       0
                text43                             339E     339E       28        4       0
                text42                             3526     3526       18        4       0
                text41                             31F4     31F4       3E        4       0
                text40                             31B6     31B6       3E        4       0
                text39                             2E98     2E98       52        4       0
                text38                             30F2     30F2       42        4       0
                text37                             3412     3412       26        4       0
                text36                             34EA     34EA       1E        4       0
                text35                             3590     3590        C        4       0
                text34                              F6A      F6A      440        4       0
                text33                             3176     3176       40        4       0
                text32                             34A8     34A8       24        4       0
                text31                             3556     3556       16        4       0
                text30                             356C     356C       12        4       0
                text29                             33EC     33EC       26        4       0
                text28                             35DC     35DC        8        4       0
                text27                             35D4     35D4        8        4       0
                text26                             35C0     35C0        A        4       0
                text25                             2CFC     2CFC       72        4       0
                text24                             27D4     27D4       E6        4       0
                text23                             2BF6     2BF6       84        4       0
                text22                             2992     2992       AE        4       0
                text21                             2DE0     2DE0       5C        4       0
                text20                             3366     3366       38        4       0
                text19                             24EA     24EA      104        4       0
                text18                             3484     3484       24        4       0
                text17                             1724     1724      268        4       0
                text16                             2FD8     2FD8       4C        4       0
                text15                             2198     2198      12C        4       0
                text14                             28BA     28BA       D8        4       0
                text13                             2A40     2A40       96        4       0
                text12                             2B66     2B66       90        4       0
                text11                             1F18     1F18      144        4       0
                text10                             2AD6     2AD6       90        4       0
                text9                              25EE     25EE       F8        4       0
                text8                              22C4     22C4      114        4       0
                text7                              198C     198C      21A        4       0
                text6                              205C     205C      13C        4       0
                text5                              1D76     1D76      1A2        4       0
                text4                              23D8     23D8      112        4       0
                text3                              1BA6     1BA6      1D0        4       0
                text2                              35F4     35F4        6        4       0
                text1                              33C6     33C6       26        4       0
                text0                                12       12      F58        4       0
                cstackCOMRAM                          1        1       48        1       1
                cstackBANK0                          80       80       80       80       1
                cstackBANK1                         131      131       22      100       1
                bssBANK1                            100      100       31      100       1
                bssCOMRAM                            49       49        2        1       1
                cinit                              34CC     34CC       1E        4       0

TOTAL           Name                               Link     Load   Length     Space
        CLASS   STACK          

        CLASS   CODE           
                intcode                               8        8        6         0
                init                                  E        E        4         0
                reset_vec                             0        0        4         0
                text71                             32EC     32EC       3E         0
                text70                             30AE     30AE       44         0
                text69                             2F8A     2F8A       4E         0
                text68                             35B4     35B4        C         0
                text67                             353E     353E       18         0
                text66                             32AE     32AE       3E         0
                text65                             2EEA     2EEA       52         0
                text64                             3134     3134       42         0
                text63                             345E     345E       26         0
                text62                             3508     3508       1E         0
                text61                             35A8     35A8        C         0
                text60                             13AA     13AA      37A         0
                text59                             332A     332A       3C         0
                text58                             357E     357E       12         0
                text57                             3438     3438       26         0
                text56                             35EC     35EC        8         0
                text55                             35E4     35E4        8         0
                text54                             35CA     35CA        A         0
                text53                             2D6E     2D6E       72         0
                intcode_body                       26E6     26E6       EE         0
                text51                             2C7A     2C7A       82         0
                text50                             2E3C     2E3C       5C         0
                text49                             3270     3270       3E         0
                text48                             3232     3232       3E         0
                text47                             306A     306A       44         0
                text46                             2F3C     2F3C       4E         0
                text45                             359C     359C        C         0
                text44                             3024     3024       46         0
                text43                             339E     339E       28         0
                text42                             3526     3526       18         0
                text41                             31F4     31F4       3E         0
                text40                             31B6     31B6       3E         0
                text39                             2E98     2E98       52         0
                text38                             30F2     30F2       42         0
                text37                             3412     3412       26         0
                text36                             34EA     34EA       1E         0
                text35                             3590     3590        C         0
                text34                              F6A      F6A      440         0
                text33                             3176     3176       40         0
                text32                             34A8     34A8       24         0
                text31                             3556     3556       16         0
                text30                             356C     356C       12         0
                text29                             33EC     33EC       26         0
                text28                             35DC     35DC        8         0
                text27                             35D4     35D4        8         0
                text26                             35C0     35C0        A         0
                text25                             2CFC     2CFC       72         0
                text24                             27D4     27D4       E6         0
                text23                             2BF6     2BF6       84         0
                text22                             2992     2992       AE         0
                text21                             2DE0     2DE0       5C         0
                text20                             3366     3366       38         0
                text19                             24EA     24EA      104         0
                text18                             3484     3484       24         0
                text17                             1724     1724      268         0
                text16                             2FD8     2FD8       4C         0
                text15                             2198     2198      12C         0
                text14                             28BA     28BA       D8         0
                text13                             2A40     2A40       96         0
                text12                             2B66     2B66       90         0
                text11                             1F18     1F18      144         0
                text10                             2AD6     2AD6       90         0
                text9                              25EE     25EE       F8         0
                text8                              22C4     22C4      114         0
                text7                              198C     198C      21A         0
                text6                              205C     205C      13C         0
                text5                              1D76     1D76      1A2         0
                text4                              23D8     23D8      112         0
                text3                              1BA6     1BA6      1D0         0
                text2                              35F4     35F4        6         0
                text1                              33C6     33C6       26         0
                text0                                12       12      F58         0
                cinit                              34CC     34CC       1E         0

        CLASS   CONST          

        CLASS   SMALLCONST     

        CLASS   MEDIUMCONST    
                mediumconst                        FD42     FD42      2BE         0

        CLASS   COMRAM         
                temp                                 4B       4B        1         1
                cstackCOMRAM                          1        1       48         1
                bssCOMRAM                            49       49        2         1

        CLASS   ABS1           

        CLASS   BIGRAM         

        CLASS   RAM            

        CLASS   BANK0          
                cstackBANK0                          80       80       80         1

        CLASS   BANK1          
                cstackBANK1                         131      131       22         1
                bssBANK1                            100      100       31         1

        CLASS   BANK2          

        CLASS   BANK3          

        CLASS   BANK4          

        CLASS   BANK5          

        CLASS   BANK6          

        CLASS   BANK7          

        CLASS   BANK8          

        CLASS   BANK9          

        CLASS   BANK10         

        CLASS   BANK11         

        CLASS   BANK12         

        CLASS   BANK13         

        CLASS   BANK14         

        CLASS   BANK15         

        CLASS   SFR            

        CLASS   FARRAM         

        CLASS   CONFIG         
                config                           300000   300000        E         0

        CLASS   IDLOC          
                idloc                            200000   200000        8         0

        CLASS   EEDATA         



SEGMENTS        Name                           Load    Length   Top    Selector   Space  Class

                reset_vec                      000000  000004  000004         0       0  CODE    
                cstackCOMRAM                   000001  00004B  00004C         1       1  COMRAM  
                intcode                        000008  0035F2  0035FA         4       0  CODE    
                cstackBANK0                    000080  000080  000100        80       1  BANK0   
                bssBANK1                       000100  000053  000153       100       1  BANK1   
                mediumconst                    00FD42  0002BE  010000      7EA1       0  MEDIUMCO
                idloc                          200000  000008  200008    200000       0  IDLOC   
                config                         300000  00000E  30000E    300000       0  CONFIG  


UNUSED ADDRESS RANGES

        Name                Unused          Largest block    Delta
        BANK1            000153-0001FF               AD
        BANK10           000A00-000AFF              100
        BANK11           000B00-000BFF              100
        BANK12           000C00-000CFF              100
        BANK13           000D00-000DFF              100
        BANK14           000E00-000EFF              100
        BANK15           000F00-000F7F               80
        BANK2            000200-0002FF              100
        BANK3            000300-0003FF              100
        BANK4            000400-0004FF              100
        BANK5            000500-0005FF              100
        BANK6            000600-0006FF              100
        BANK7            000700-0007FF              100
        BANK8            000800-0008FF              100
        BANK9            000900-0009FF              100
        BIGRAM           00004C-00007F               34
                         000153-000F7F              E2D
        CODE             000004-000007                4
                         0035FA-00FD41             C748
        COMRAM           00004C-00007F               34
        CONST            000004-000007                4
                         0035FA-00FD41             C748
        EEDATA           F00000-F003FF              400
        MEDIUMCONST      0035FA-00FD41             C748
        RAM              000153-000F7F              100
        SFR              000F80-000FFF               80
        SMALLCONST       0035FA-00FD41              100
        STACK            000153-000F7F              E2D

                                  Symbol Table

?___altoft                   cstackBANK0  0000A4
?___awdiv                    cstackCOMRAM 000035
?___awtoft                   cstackCOMRAM 00003D
?___ftadd                    cstackBANK0  000089
?___ftdiv                    cstackCOMRAM 00003D
?___ftmul                    cstackCOMRAM 000041
?___ftneg                    cstackCOMRAM 000035
?___ftpack                   cstackCOMRAM 000035
?___ftsub                    cstackBANK0  000095
?___fttol                    cstackBANK0  000095
?___lldiv                    cstackCOMRAM 000035
?___lltoft                   cstackCOMRAM 00003D
?___lwdiv                    cstackCOMRAM 000035
?___lwmod                    cstackCOMRAM 00003C
?___wmul                     cstackCOMRAM 000035
?_dec2hex                    cstackBANK0  0000CE
?_eval_poly                  cstackBANK0  000095
?_exp                        cstackBANK0  0000B4
?_floor                      cstackBANK0  0000AC
?_frexp                      cstackCOMRAM 000035
?_ldexp                      cstackBANK0  00009F
?_log                        cstackBANK0  00009F
?_pow                        cstackBANK0  0000BD
?_printf                     cstackBANK0  0000F6
?_time_diff                  cstackBANK0  0000DE
?i2___lwdiv                  cstackCOMRAM 000001
?i2___lwmod                  cstackCOMRAM 000008
?i2___wmul                   cstackCOMRAM 000001
?i2_printf                   cstackCOMRAM 00000D
I2C_Master_Init@c            cstackCOMRAM 000042
I2C_Master_Read@a            cstackCOMRAM 000036
I2C_Master_Read@temp         cstackCOMRAM 000037
I2C_Master_Write@d           cstackCOMRAM 000036
_ACKDT                       (abs)        007E2D
_ACKEN                       (abs)        007E2C
_ADCON0                      (abs)        000FC2
_ADCON0bits                  (abs)        000FC2
_ADCON1                      (abs)        000FC1
_ADFM                        (abs)        007E07
_ADON                        (abs)        007E10
_ADRESH                      (abs)        000FC4
_ADRESL                      (abs)        000FC3
_CMCONbits                   (abs)        000FB4
_CVRCON                      (abs)        000FB5
_EEADR                       (abs)        000FA9
_EEADRH                      (abs)        000FAA
_EECON1bits                  (abs)        000FA6
_EECON2                      (abs)        000FA7
_EEDATA                      (abs)        000FA8
_I2C_Master_Init             text50       002E3C
_I2C_Master_Read             text29       0033EC
_I2C_Master_Start            text28       0035DC
_I2C_Master_Stop             text27       0035D4
_I2C_Master_Wait             text30       00356C
_I2C_Master_Write            text26       0035C0
_INT1IE                      (abs)        007F83
_INT1IF                      (abs)        007F80
_INTCONbits                  (abs)        000FF2
_LATA                        (abs)        000F89
_LATB                        (abs)        000F8A
_LATC                        (abs)        000F8B
_LATD                        (abs)        000F8C
_LATDbits                    (abs)        000F8C
_LATE                        (abs)        000F8D
_PEN                         (abs)        007E2A
_PIR2bits                    (abs)        000FA1
_PORTAbits                   (abs)        000F80
_PORTB                       (abs)        000F81
_PORTBbits                   (abs)        000F81
_PORTEbits                   (abs)        000F84
_RA0                         (abs)        007C00
_RA4                         (abs)        007C04
_RB0                         (abs)        007C08
_RB2                         (abs)        007C0A
_RC0                         (abs)        007C10
_RC5                         (abs)        007C15
_RC6                         (abs)        007C16
_RC7                         (abs)        007C17
_RCEN                        (abs)        007E2B
_RSEN                        (abs)        007E29
_SEN                         (abs)        007E28
_SSPADD                      (abs)        000FC8
_SSPBUF                      (abs)        000FC9
_SSPCON1                     (abs)        000FC6
_SSPCON2                     (abs)        000FC5
_SSPSTAT                     (abs)        000FC7
_TRISA                       (abs)        000F92
_TRISB                       (abs)        000F93
_TRISC                       (abs)        000F94
_TRISC3                      (abs)        007CA3
_TRISC4                      (abs)        007CA4
_TRISD                       (abs)        000F95
_TRISE                       (abs)        000F96
__CFG_BOREN$SBORDIS          (abs)        000000
__CFG_BORV$3                 (abs)        000000
__CFG_CCP2MX$PORTC           (abs)        000000
__CFG_CP0$OFF                (abs)        000000
__CFG_CP1$OFF                (abs)        000000
__CFG_CP2$OFF                (abs)        000000
__CFG_CP3$OFF                (abs)        000000
__CFG_CPB$OFF                (abs)        000000
__CFG_CPD$OFF                (abs)        000000
__CFG_EBTR0$OFF              (abs)        000000
__CFG_EBTR1$OFF              (abs)        000000
__CFG_EBTR2$OFF              (abs)        000000
__CFG_EBTR3$OFF              (abs)        000000
__CFG_EBTRB$OFF              (abs)        000000
__CFG_FCMEN$OFF              (abs)        000000
__CFG_IESO$OFF               (abs)        000000
__CFG_LPT1OSC$OFF            (abs)        000000
__CFG_LVP$OFF                (abs)        000000
__CFG_MCLRE$ON               (abs)        000000
__CFG_OSC$HS                 (abs)        000000
__CFG_PBADEN$ON              (abs)        000000
__CFG_PWRT$OFF               (abs)        000000
__CFG_STVREN$ON              (abs)        000000
__CFG_WDT$OFF                (abs)        000000
__CFG_WDTPS$32768            (abs)        000000
__CFG_WRT0$OFF               (abs)        000000
__CFG_WRT1$OFF               (abs)        000000
__CFG_WRT2$OFF               (abs)        000000
__CFG_WRT3$OFF               (abs)        000000
__CFG_WRTB$OFF               (abs)        000000
__CFG_WRTC$OFF               (abs)        000000
__CFG_WRTD$OFF               (abs)        000000
__CFG_XINST$OFF              (abs)        000000
__HRAM                       (abs)        000000
__Habs1                      abs1         000000
__Hbank0                     bank0        000000
__Hbank1                     bank1        000000
__Hbank10                    bank10       000000
__Hbank11                    bank11       000000
__Hbank12                    bank12       000000
__Hbank13                    bank13       000000
__Hbank14                    bank14       000000
__Hbank15                    bank15       000000
__Hbank2                     bank2        000000
__Hbank3                     bank3        000000
__Hbank4                     bank4        000000
__Hbank5                     bank5        000000
__Hbank6                     bank6        000000
__Hbank7                     bank7        000000
__Hbank8                     bank8        000000
__Hbank9                     bank9        000000
__Hbigbss                    bigbss       000000
__Hbigdata                   bigdata      000000
__Hbigram                    bigram       000000
__Hbss                       bss          000000
__HbssBANK1                  bssBANK1     000000
__HbssCOMRAM                 bssCOMRAM    000000
__Hcinit                     cinit        000000
__Hclrtext                   clrtext      000000
__Hcomram                    comram       000000
__Hconfig                    config       30000E
__Hconst                     const        000000
__HcstackBANK0               cstackBANK0  000000
__HcstackBANK1               cstackBANK1  000000
__HcstackCOMRAM              cstackCOMRAM 000000
__Hdata                      data         000000
__Heeprom_data               eeprom_data  000000
__Hfarbss                    farbss       000000
__Hfardata                   fardata      000000
__Hibigdata                  ibigdata     000000
__Hidata                     idata        000000
__Hidloc                     idloc        200008
__Hifardata                  ifardata     000000
__Hinit                      init         000012
__Hintcode                   intcode      00000E
__Hintcode_body              intcode_body 000000
__Hintcodelo                 intcodelo    00000E
__Hintentry                  intentry     000000
__Hintret                    intret       000000
__Hintsave_regs              intsave_regs 000000
__Hirdata                    irdata       000000
__Hmediumconst               mediumconst  010000
__HnvFARRAM                  nvFARRAM     000000
__Hnvbit                     nvbit        000000
__Hnvrram                    nvrram       000000
__Hparam                     rparam       000000
__Hpowerup                   powerup      00000E
__Hram                       ram          000000
__Hramtop                    ramtop       001000
__Hrbit                      rbit         000000
__Hrbss                      rbss         000000
__Hrdata                     rdata        000000
__Hreset_vec                 reset_vec    000004
__Hrparam                    rparam       000000
__Hsfr                       sfr          000000
__Hsmallconst                smallconst   000000
__Hspace_0                   (abs)        30000E
__Hspace_1                   (abs)        000153
__Hspace_2                   (abs)        000000
__Hstack                     stack        000000
__Hstruct                    struct       000000
__Htemp                      temp         00004C
__Htext                      text         000000
__Htext0                     text0        000000
__Htext1                     text1        000000
__Htext10                    text10       000000
__Htext11                    text11       000000
__Htext12                    text12       000000
__Htext13                    text13       000000
__Htext14                    text14       000000
__Htext15                    text15       000000
__Htext16                    text16       000000
__Htext17                    text17       000000
__Htext18                    text18       000000
__Htext19                    text19       000000
__Htext2                     text2        000000
__Htext20                    text20       000000
__Htext21                    text21       000000
__Htext22                    text22       000000
__Htext23                    text23       000000
__Htext24                    text24       000000
__Htext25                    text25       000000
__Htext26                    text26       000000
__Htext27                    text27       000000
__Htext28                    text28       000000
__Htext29                    text29       000000
__Htext3                     text3        000000
__Htext30                    text30       000000
__Htext31                    text31       000000
__Htext32                    text32       000000
__Htext33                    text33       000000
__Htext34                    text34       000000
__Htext35                    text35       000000
__Htext36                    text36       000000
__Htext37                    text37       000000
__Htext38                    text38       000000
__Htext39                    text39       000000
__Htext4                     text4        000000
__Htext40                    text40       000000
__Htext41                    text41       000000
__Htext42                    text42       000000
__Htext43                    text43       000000
__Htext44                    text44       000000
__Htext45                    text45       000000
__Htext46                    text46       000000
__Htext47                    text47       000000
__Htext48                    text48       000000
__Htext49                    text49       000000
__Htext5                     text5        000000
__Htext50                    text50       000000
__Htext51                    text51       000000
__Htext53                    text53       000000
__Htext54                    text54       000000
__Htext55                    text55       000000
__Htext56                    text56       000000
__Htext57                    text57       000000
__Htext58                    text58       000000
__Htext59                    text59       000000
__Htext6                     text6        000000
__Htext60                    text60       000000
__Htext61                    text61       000000
__Htext62                    text62       000000
__Htext63                    text63       000000
__Htext64                    text64       000000
__Htext65                    text65       000000
__Htext66                    text66       000000
__Htext67                    text67       000000
__Htext68                    text68       000000
__Htext69                    text69       000000
__Htext7                     text7        000000
__Htext70                    text70       000000
__Htext71                    text71       000000
__Htext8                     text8        000000
__Htext9                     text9        000000
__LRAM                       (abs)        000001
__Labs1                      abs1         000000
__Lbank0                     bank0        000000
__Lbank1                     bank1        000000
__Lbank10                    bank10       000000
__Lbank11                    bank11       000000
__Lbank12                    bank12       000000
__Lbank13                    bank13       000000
__Lbank14                    bank14       000000
__Lbank15                    bank15       000000
__Lbank2                     bank2        000000
__Lbank3                     bank3        000000
__Lbank4                     bank4        000000
__Lbank5                     bank5        000000
__Lbank6                     bank6        000000
__Lbank7                     bank7        000000
__Lbank8                     bank8        000000
__Lbank9                     bank9        000000
__Lbigbss                    bigbss       000000
__Lbigdata                   bigdata      000000
__Lbigram                    bigram       000000
__Lbss                       bss          000000
__LbssBANK1                  bssBANK1     000000
__LbssCOMRAM                 bssCOMRAM    000000
__Lcinit                     cinit        000000
__Lclrtext                   clrtext      000000
__Lcomram                    comram       000000
__Lconfig                    config       300000
__Lconst                     const        000000
__LcstackBANK0               cstackBANK0  000000
__LcstackBANK1               cstackBANK1  000000
__LcstackCOMRAM              cstackCOMRAM 000000
__Ldata                      data         000000
__Leeprom_data               eeprom_data  000000
__Lfarbss                    farbss       000000
__Lfardata                   fardata      000000
__Libigdata                  ibigdata     000000
__Lidata                     idata        000000
__Lidloc                     idloc        200000
__Lifardata                  ifardata     000000
__Linit                      init         00000E
__Lintcode                   intcode      000008
__Lintcode_body              intcode_body 000000
__Lintcodelo                 intcodelo    00000E
__Lintentry                  intentry     000000
__Lintret                    intret       000000
__Lintsave_regs              intsave_regs 000000
__Lirdata                    irdata       000000
__Lmediumconst               mediumconst  00FD42
__LnvFARRAM                  nvFARRAM     000000
__Lnvbit                     nvbit        000000
__Lnvrram                    nvrram       000000
__Lparam                     rparam       000000
__Lpowerup                   powerup      00000E
__Lram                       ram          000000
__Lramtop                    ramtop       001000
__Lrbit                      rbit         000000
__Lrbss                      rbss         000000
__Lrdata                     rdata        000000
__Lreset_vec                 reset_vec    000000
__Lrparam                    rparam       000000
__Lsfr                       sfr          000000
__Lsmallconst                smallconst   000000
__Lspace_0                   (abs)        000000
__Lspace_1                   (abs)        000000
__Lspace_2                   (abs)        000000
__Lstack                     stack        000000
__Lstruct                    struct       000000
__Ltemp                      temp         00004B
__Ltext                      text         000000
__Ltext0                     text0        000000
__Ltext1                     text1        000000
__Ltext10                    text10       000000
__Ltext11                    text11       000000
__Ltext12                    text12       000000
__Ltext13                    text13       000000
__Ltext14                    text14       000000
__Ltext15                    text15       000000
__Ltext16                    text16       000000
__Ltext17                    text17       000000
__Ltext18                    text18       000000
__Ltext19                    text19       000000
__Ltext2                     text2        000000
__Ltext20                    text20       000000
__Ltext21                    text21       000000
__Ltext22                    text22       000000
__Ltext23                    text23       000000
__Ltext24                    text24       000000
__Ltext25                    text25       000000
__Ltext26                    text26       000000
__Ltext27                    text27       000000
__Ltext28                    text28       000000
__Ltext29                    text29       000000
__Ltext3                     text3        000000
__Ltext30                    text30       000000
__Ltext31                    text31       000000
__Ltext32                    text32       000000
__Ltext33                    text33       000000
__Ltext34                    text34       000000
__Ltext35                    text35       000000
__Ltext36                    text36       000000
__Ltext37                    text37       000000
__Ltext38                    text38       000000
__Ltext39                    text39       000000
__Ltext4                     text4        000000
__Ltext40                    text40       000000
__Ltext41                    text41       000000
__Ltext42                    text42       000000
__Ltext43                    text43       000000
__Ltext44                    text44       000000
__Ltext45                    text45       000000
__Ltext46                    text46       000000
__Ltext47                    text47       000000
__Ltext48                    text48       000000
__Ltext49                    text49       000000
__Ltext5                     text5        000000
__Ltext50                    text50       000000
__Ltext51                    text51       000000
__Ltext53                    text53       000000
__Ltext54                    text54       000000
__Ltext55                    text55       000000
__Ltext56                    text56       000000
__Ltext57                    text57       000000
__Ltext58                    text58       000000
__Ltext59                    text59       000000
__Ltext6                     text6        000000
__Ltext60                    text60       000000
__Ltext61                    text61       000000
__Ltext62                    text62       000000
__Ltext63                    text63       000000
__Ltext64                    text64       000000
__Ltext65                    text65       000000
__Ltext66                    text66       000000
__Ltext67                    text67       000000
__Ltext68                    text68       000000
__Ltext69                    text69       000000
__Ltext7                     text7        000000
__Ltext70                    text70       000000
__Ltext71                    text71       000000
__Ltext8                     text8        000000
__Ltext9                     text9        000000
__S0                         (abs)        30000E
__S1                         (abs)        000153
__S2                         (abs)        000000
___altoft                    text13       002A40
___altoft@c                  cstackBANK0  0000A4
___altoft@exp                cstackCOMRAM 000047
___altoft@sign               cstackCOMRAM 000048
___awdiv                     text23       002BF6
___awdiv@counter             cstackCOMRAM 000039
___awdiv@dividend            cstackCOMRAM 000035
___awdiv@divisor             cstackCOMRAM 000037
___awdiv@quotient            cstackCOMRAM 00003B
___awdiv@sign                cstackCOMRAM 00003A
___awtoft                    text20       003366
___awtoft@c                  cstackCOMRAM 00003D
___awtoft@sign               cstackCOMRAM 000040
___ftadd                     text17       001724
___ftadd@exp1                cstackBANK0  000094
___ftadd@exp2                cstackBANK0  000093
___ftadd@f1                  cstackBANK0  000089
___ftadd@f2                  cstackBANK0  00008C
___ftadd@sign                cstackBANK0  000092
___ftdiv                     text19       0024EA
___ftdiv@cntr                cstackBANK0  000080
___ftdiv@exp                 cstackBANK0  000084
___ftdiv@f1                  cstackCOMRAM 00003D
___ftdiv@f2                  cstackCOMRAM 000040
___ftdiv@f3                  cstackBANK0  000081
___ftdiv@sign                cstackBANK0  000085
___ftge                      text12       002B66
___ftge@ff1                  cstackCOMRAM 000035
___ftge@ff2                  cstackCOMRAM 000038
___ftmul                     text15       002198
___ftmul@cntr                cstackBANK0  000087
___ftmul@exp                 cstackBANK0  000083
___ftmul@f1                  cstackCOMRAM 000041
___ftmul@f2                  cstackCOMRAM 000044
___ftmul@f3_as_product       cstackBANK0  000084
___ftmul@sign                cstackBANK0  000088
___ftneg                     text18       003484
___ftneg@f1                  cstackCOMRAM 000035
___ftpack                    text22       002992
___ftpack@arg                cstackCOMRAM 000035
___ftpack@exp                cstackCOMRAM 000038
___ftpack@sign               cstackCOMRAM 000039
___ftsub                     text16       002FD8
___ftsub@f1                  cstackBANK0  000095
___ftsub@f2                  cstackBANK0  000098
___fttol                     text11       001F18
___fttol@exp1                cstackBANK0  0000A3
___fttol@f1                  cstackBANK0  000095
___fttol@lval                cstackBANK0  00009F
___fttol@sign1               cstackBANK0  00009E
___inthi_sp                  stack        000000
___intlo_sp                  stack        000000
___lldiv                     text51       002C7A
___lldiv@counter             cstackCOMRAM 000041
___lldiv@dividend            cstackCOMRAM 000035
___lldiv@divisor             cstackCOMRAM 000039
___lldiv@quotient            cstackCOMRAM 00003D
___lltoft                    text21       002DE0
___lltoft@c                  cstackCOMRAM 00003D
___lltoft@exp                cstackCOMRAM 000045
___lwdiv                     text39       002E98
___lwdiv@counter             cstackCOMRAM 00003B
___lwdiv@dividend            cstackCOMRAM 000035
___lwdiv@divisor             cstackCOMRAM 000037
___lwdiv@quotient            cstackCOMRAM 000039
___lwmod                     text38       0030F2
___lwmod@counter             cstackCOMRAM 000040
___lwmod@dividend            cstackCOMRAM 00003C
___lwmod@divisor             cstackCOMRAM 00003E
___param_bank                (abs)        000000
___rparam_used               (abs)        000001
___sp                        stack        000000
___wmul                      text37       003412
___wmul@multiplicand         cstackCOMRAM 000037
___wmul@multiplier           cstackCOMRAM 000035
___wmul@product              cstackCOMRAM 000039
__accesstop                  (abs)        000080
__activetblptr               (abs)        000002
__end_of_I2C_Master_Init     text50       002E98
__end_of_I2C_Master_Read     text29       003412
__end_of_I2C_Master_Start    text28       0035E4
__end_of_I2C_Master_Stop     text27       0035DC
__end_of_I2C_Master_Wait     text30       00357E
__end_of_I2C_Master_Write    text26       0035CA
__end_of___altoft            text13       002AD6
__end_of___awdiv             text23       002C7A
__end_of___awtoft            text20       00339E
__end_of___ftadd             text17       00198C
__end_of___ftdiv             text19       0025EE
__end_of___ftge              text12       002BF6
__end_of___ftmul             text15       0022C4
__end_of___ftneg             text18       0034A8
__end_of___ftpack            text22       002A40
__end_of___ftsub             text16       003024
__end_of___fttol             text11       00205C
__end_of___lldiv             text51       002CFC
__end_of___lltoft            text21       002E3C
__end_of___lwdiv             text39       002EEA
__end_of___lwmod             text38       003134
__end_of___wmul              text37       003438
__end_of__initialization     cinit        0034DC
__end_of_closebotlid         text49       0032AE
__end_of_closetoplid         text48       003270
__end_of_curr_time           mediumconst  00FD6D
__end_of_dec2hex             text4        0024EA
__end_of_delay               text47       0030AE
__end_of_dpowers             mediumconst  00FD5E
__end_of_eval_poly           text14       002992
__end_of_exp                 text7        001BA6
__end_of_floor               text9        0026E6
__end_of_frexp               text10       002B66
__end_of_hexpowers           mediumconst  00FD66
__end_of_initLCD             text44       00306A
__end_of_isdigit             text36       003508
__end_of_key_release         text43       0033C6
__end_of_keypressed          intcode_body 0027D4
__end_of_keys                mediumconst  00FD54
__end_of_lcdInst             text45       0035A8
__end_of_lcdNibble           text46       002F8A
__end_of_lcdclear            text42       00353E
__end_of_ldexp               text8        0023D8
__end_of_log                 text6        002198
__end_of_main                text0        000F6A
__end_of_openbotlid          text41       003232
__end_of_opentoplid          text40       0031F4
__end_of_pow                 text5        001F18
__end_of_print               text33       0031B6
__end_of_printf              text34       0013AA
__end_of_putch               text35       00359C
__end_of_readADC             text32       0034CC
__end_of_read_eeprom         text31       00356C
__end_of_standby_mode        text24       0028BA
__end_of_time_diff           text3        001D76
__end_of_update_time         text25       002D6E
__end_of_wait                text2        0035FA
__end_of_write_eeprom        text1        0033EC
__end_ofexp@coeff            mediumconst  00FD8B
__end_ofi2_I2C_Master_Read   text57       00345E
__end_ofi2_I2C_Master_Start  text56       0035F4
__end_ofi2_I2C_Master_Stop   text55       0035EC
__end_ofi2_I2C_Master_Wait   text58       003590
__end_ofi2_I2C_Master_Write  text54       0035D4
__end_ofi2___lwdiv           text65       002F3C
__end_ofi2___lwmod           text64       003176
__end_ofi2___wmul            text63       003484
__end_ofi2_closebotlid       text71       00332A
__end_ofi2_delay             text70       0030F2
__end_ofi2_isdigit           text62       003526
__end_ofi2_lcdInst           text68       0035C0
__end_ofi2_lcdNibble         text69       002FD8
__end_ofi2_lcdclear          text67       003556
__end_ofi2_opentoplid        text66       0032EC
__end_ofi2_print             text59       003366
__end_ofi2_printf            text60       001724
__end_ofi2_putch             text61       0035B4
__end_ofi2_update_time       text53       002DE0
__end_oflog@coeff            mediumconst  00FDA6
__initialization             cinit        0034CC
__mediumconst                mediumconst  00FD42
__pbssBANK1                  bssBANK1     000100
__pbssCOMRAM                 bssCOMRAM    000049
__pcinit                     cinit        0034CC
__pcstackBANK0               cstackBANK0  000080
__pcstackBANK1               cstackBANK1  000131
__pcstackCOMRAM              cstackCOMRAM 000001
__pintcode                   intcode      000008
__pintcode_body              intcode_body 0026E6
__pmediumconst               mediumconst  00FD42
__ptext0                     text0        000012
__ptext1                     text1        0033C6
__ptext10                    text10       002AD6
__ptext11                    text11       001F18
__ptext12                    text12       002B66
__ptext13                    text13       002A40
__ptext14                    text14       0028BA
__ptext15                    text15       002198
__ptext16                    text16       002FD8
__ptext17                    text17       001724
__ptext18                    text18       003484
__ptext19                    text19       0024EA
__ptext2                     text2        0035F4
__ptext20                    text20       003366
__ptext21                    text21       002DE0
__ptext22                    text22       002992
__ptext23                    text23       002BF6
__ptext24                    text24       0027D4
__ptext25                    text25       002CFC
__ptext26                    text26       0035C0
__ptext27                    text27       0035D4
__ptext28                    text28       0035DC
__ptext29                    text29       0033EC
__ptext3                     text3        001BA6
__ptext30                    text30       00356C
__ptext31                    text31       003556
__ptext32                    text32       0034A8
__ptext33                    text33       003176
__ptext34                    text34       000F6A
__ptext35                    text35       003590
__ptext36                    text36       0034EA
__ptext37                    text37       003412
__ptext38                    text38       0030F2
__ptext39                    text39       002E98
__ptext4                     text4        0023D8
__ptext40                    text40       0031B6
__ptext41                    text41       0031F4
__ptext42                    text42       003526
__ptext43                    text43       00339E
__ptext44                    text44       003024
__ptext45                    text45       00359C
__ptext46                    text46       002F3C
__ptext47                    text47       00306A
__ptext48                    text48       003232
__ptext49                    text49       003270
__ptext5                     text5        001D76
__ptext50                    text50       002E3C
__ptext51                    text51       002C7A
__ptext53                    text53       002D6E
__ptext54                    text54       0035CA
__ptext55                    text55       0035E4
__ptext56                    text56       0035EC
__ptext57                    text57       003438
__ptext58                    text58       00357E
__ptext59                    text59       00332A
__ptext6                     text6        00205C
__ptext60                    text60       0013AA
__ptext61                    text61       0035A8
__ptext62                    text62       003508
__ptext63                    text63       00345E
__ptext64                    text64       003134
__ptext65                    text65       002EEA
__ptext66                    text66       0032AE
__ptext67                    text67       00353E
__ptext68                    text68       0035B4
__ptext69                    text69       002F8A
__ptext7                     text7        00198C
__ptext70                    text70       0030AE
__ptext71                    text71       0032EC
__ptext8                     text8        0022C4
__ptext9                     text9        0025EE
__ramtop                     ramtop       001000
__size_of_I2C_Master_Init    (abs)        000000
__size_of_I2C_Master_Read    (abs)        000000
__size_of_I2C_Master_Start   (abs)        000000
__size_of_I2C_Master_Stop    (abs)        000000
__size_of_I2C_Master_Wait    (abs)        000000
__size_of_I2C_Master_Write   (abs)        000000
__size_of___altoft           (abs)        000000
__size_of___awdiv            (abs)        000000
__size_of___awtoft           (abs)        000000
__size_of___ftadd            (abs)        000000
__size_of___ftdiv            (abs)        000000
__size_of___ftge             (abs)        000000
__size_of___ftmul            (abs)        000000
__size_of___ftneg            (abs)        000000
__size_of___ftpack           (abs)        000000
__size_of___ftsub            (abs)        000000
__size_of___fttol            (abs)        000000
__size_of___lldiv            (abs)        000000
__size_of___lltoft           (abs)        000000
__size_of___lwdiv            (abs)        000000
__size_of___lwmod            (abs)        000000
__size_of___wmul             (abs)        000000
__size_of_closebotlid        (abs)        000000
__size_of_closetoplid        (abs)        000000
__size_of_dec2hex            (abs)        000000
__size_of_delay              (abs)        000000
__size_of_eval_poly          (abs)        000000
__size_of_exp                (abs)        000000
__size_of_floor              (abs)        000000
__size_of_frexp              (abs)        000000
__size_of_initLCD            (abs)        000000
__size_of_isdigit            (abs)        000000
__size_of_key_release        (abs)        000000
__size_of_keypressed         (abs)        000000
__size_of_lcdInst            (abs)        000000
__size_of_lcdNibble          (abs)        000000
__size_of_lcdclear           (abs)        000000
__size_of_ldexp              (abs)        000000
__size_of_log                (abs)        000000
__size_of_main               (abs)        000000
__size_of_openbotlid         (abs)        000000
__size_of_opentoplid         (abs)        000000
__size_of_pow                (abs)        000000
__size_of_print              (abs)        000000
__size_of_printf             (abs)        000000
__size_of_putch              (abs)        000000
__size_of_readADC            (abs)        000000
__size_of_read_eeprom        (abs)        000000
__size_of_standby_mode       (abs)        000000
__size_of_time_diff          (abs)        000000
__size_of_update_time        (abs)        000000
__size_of_wait               (abs)        000000
__size_of_write_eeprom       (abs)        000000
__size_ofi2_I2C_Master_Read  (abs)        000000
__size_ofi2_I2C_Master_Start (abs)        000000
__size_ofi2_I2C_Master_Stop  (abs)        000000
__size_ofi2_I2C_Master_Wait  (abs)        000000
__size_ofi2_I2C_Master_Write (abs)        000000
__size_ofi2___lwdiv          (abs)        000000
__size_ofi2___lwmod          (abs)        000000
__size_ofi2___wmul           (abs)        000000
__size_ofi2_closebotlid      (abs)        000000
__size_ofi2_delay            (abs)        000000
__size_ofi2_isdigit          (abs)        000000
__size_ofi2_lcdInst          (abs)        000000
__size_ofi2_lcdNibble        (abs)        000000
__size_ofi2_lcdclear         (abs)        000000
__size_ofi2_opentoplid       (abs)        000000
__size_ofi2_print            (abs)        000000
__size_ofi2_printf           (abs)        000000
__size_ofi2_putch            (abs)        000000
__size_ofi2_update_time      (abs)        000000
__smallconst                 smallconst   000000
_brand                       bssBANK1     00011A
_closebotlid                 text49       003270
_closetoplid                 text48       003232
_curr_state                  bssBANK1     000118
_curr_time                   mediumconst  00FD66
_dec2hex                     text4        0023D8
_dec2hex$1576                cstackBANK0  0000D0
_dec2hex$1577                cstackBANK0  0000D3
_delay                       text47       00306A
_dpowers                     mediumconst  00FD54
_end_time                    bssBANK1     00011C
_errno                       bssCOMRAM    000049
_eska_a                      bssBANK1     000106
_eska_b                      bssBANK1     000104
_eval_poly                   text14       0028BA
_exp                         text7        00198C
_exp$1580                    cstackBANK0  0000B7
_flag                        bssBANK1     000116
_flag1                       bssBANK1     000114
_flag2                       bssBANK1     000112
_flag3                       bssBANK1     000110
_flag4                       bssBANK1     00010E
_flag5                       bssBANK1     00010C
_floor                       text9        0025EE
_frexp                       text10       002AD6
_hexpowers                   mediumconst  00FD5E
_initLCD                     text44       003024
_isdigit                     text36       0034EA
_isdigit$1143                cstackCOMRAM 000036
_key_release                 text43       00339E
_keypressed                  intcode      000008
_keys                        mediumconst  00FD43
_lcdInst                     text45       00359C
_lcdNibble                   text46       002F3C
_lcdclear                    text42       003526
_ldexp                       text8        0022C4
_log                         text6        00205C
_main                        text0        000012
_nRBPU                       (abs)        007F8F
_openbotlid                  text41       0031F4
_opentoplid                  text40       0031B6
_pow                         text5        001D76
_pow$1578                    cstackBANK0  0000C3
_pow$1579                    cstackBANK0  0000C6
_pressed                     bssBANK1     00011B
_print                       text33       003176
_printf                      text34       000F6A
_putch                       text35       003590
_readADC                     text32       0034A8
_read_eeprom                 text31       003556
_run                         bssBANK1     000100
_standby_mode                text24       0027D4
_start_time                  bssBANK1     000123
_time                        bssBANK1     00012A
_time_diff                   text3        001BA6
_totalbot                    bssBANK1     000102
_type                        bssBANK1     000119
_update_time                 text25       002CFC
_wait                        text2        0035F4
_write_eeprom                text1        0033C6
_yop_a                       bssBANK1     00010A
_yop_b                       bssBANK1     000108
btemp                        temp         00004B
closebotlid@i                cstackCOMRAM 000036
closetoplid@i                cstackCOMRAM 000036
dec2hex@hexnum               cstackBANK0  0000DA
dec2hex@i                    cstackBANK0  0000D8
dec2hex@num                  cstackBANK0  0000CE
dec2hex@quotient             cstackBANK0  0000DC
dec2hex@temp                 cstackBANK0  0000D6
delay@i                      cstackCOMRAM 000038
delay@i_822                  cstackCOMRAM 00003A
delay@seconds                cstackCOMRAM 000035
end_of_initialization        cinit        0034DC
eval_poly@d                  cstackBANK0  000098
eval_poly@n                  cstackBANK0  00009A
eval_poly@res                cstackBANK0  00009C
eval_poly@x                  cstackBANK0  000095
exp@coeff                    mediumconst  00FD6D
exp@exponent                 cstackBANK0  0000BA
exp@sign                     cstackBANK0  0000BC
exp@x                        cstackBANK0  0000B4
floor@expon                  cstackBANK0  0000B2
floor@i                      cstackBANK0  0000AF
floor@x                      cstackBANK0  0000AC
frexp@eptr                   cstackCOMRAM 000038
frexp@value                  cstackCOMRAM 000035
i2I2C_Master_Read@a          cstackCOMRAM 000002
i2I2C_Master_Read@temp       cstackCOMRAM 000003
i2I2C_Master_Write@d         cstackCOMRAM 000002
i2_I2C_Master_Read           text57       003438
i2_I2C_Master_Start          text56       0035EC
i2_I2C_Master_Stop           text55       0035E4
i2_I2C_Master_Wait           text58       00357E
i2_I2C_Master_Write          text54       0035CA
i2___lwdiv                   text65       002EEA
i2___lwdiv@counter           cstackCOMRAM 000007
i2___lwdiv@dividend          cstackCOMRAM 000001
i2___lwdiv@divisor           cstackCOMRAM 000003
i2___lwdiv@quotient          cstackCOMRAM 000005
i2___lwmod                   text64       003134
i2___lwmod@counter           cstackCOMRAM 00000C
i2___lwmod@dividend          cstackCOMRAM 000008
i2___lwmod@divisor           cstackCOMRAM 00000A
i2___wmul                    text63       00345E
i2___wmul@multiplicand       cstackCOMRAM 000003
i2___wmul@multiplier         cstackCOMRAM 000001
i2___wmul@product            cstackCOMRAM 000005
i2_closebotlid               text71       0032EC
i2_delay                     text70       0030AE
i2_isdigit                   text62       003508
i2_isdigit$1143              cstackCOMRAM 000002
i2_lcdInst                   text68       0035B4
i2_lcdNibble                 text69       002F8A
i2_lcdclear                  text67       00353E
i2_opentoplid                text66       0032AE
i2_print                     text59       00332A
i2_printf                    text60       0013AA
i2_putch                     text61       0035A8
i2_update_time               text53       002D6E
i2closebotlid@i              cstackCOMRAM 000002
i2delay@i                    cstackCOMRAM 000004
i2delay@i_822                cstackCOMRAM 000006
i2delay@seconds              cstackCOMRAM 000001
i2isdigit@c                  cstackCOMRAM 000003
i2lcdInst@data               cstackCOMRAM 000003
i2lcdNibble@data             cstackCOMRAM 000002
i2lcdNibble@temp             cstackCOMRAM 000001
i2opentoplid@i               cstackCOMRAM 000002
i2print@line1                cstackCOMRAM 000021
i2print@line2                cstackCOMRAM 000023
i2printf@ap                  cstackCOMRAM 000016
i2printf@c                   cstackCOMRAM 000020
i2printf@cp                  cstackCOMRAM 000013
i2printf@f                   cstackCOMRAM 00000D
i2printf@flag                cstackCOMRAM 00001D
i2printf@idx                 cstackCOMRAM 000015
i2printf@len                 cstackCOMRAM 000018
i2printf@prec                cstackCOMRAM 00001A
i2printf@val                 cstackCOMRAM 00001B
i2printf@width               cstackCOMRAM 00001E
i2putch@data                 cstackCOMRAM 000003
i2update_time@i              cstackCOMRAM 000006
i2update_time@time           cstackCOMRAM 000004
int$flags                    temp         00004B
int_func                     intcode_body 0026E6
intlevel0                    text         000000
intlevel1                    text         000000
intlevel2                    text         000000
intlevel3                    text         000000
isdigit@c                    cstackCOMRAM 000037
lcdInst@data                 cstackCOMRAM 000037
lcdNibble@data               cstackCOMRAM 000036
lcdNibble@temp               cstackCOMRAM 000035
ldexp@newexp                 cstackBANK0  0000A2
ldexp@value                  cstackBANK0  00009F
log@coeff                    mediumconst  00FD8B
log@exponent                 cstackBANK0  0000A2
log@x                        cstackBANK0  00009F
main@counter                 cstackBANK1  000151
main@i                       cstackBANK1  000149
main@i_782                   cstackBANK1  00014B
main@i_783                   cstackBANK1  00014D
main@i_784                   cstackBANK1  00014F
openbotlid@i                 cstackCOMRAM 000036
opentoplid@i                 cstackCOMRAM 000036
pow@sign                     cstackBANK0  0000C9
pow@x                        cstackBANK0  0000BD
pow@y                        cstackBANK0  0000C0
pow@yi                       cstackBANK0  0000CA
print@line1                  cstackBANK1  000143
print@line2                  cstackBANK1  000145
printf@ap                    cstackBANK1  000138
printf@c                     cstackBANK1  000142
printf@cp                    cstackBANK1  000135
printf@f                     cstackBANK0  0000F6
printf@flag                  cstackBANK1  00013F
printf@idx                   cstackBANK1  000137
printf@len                   cstackBANK1  00013A
printf@prec                  cstackBANK1  00013C
printf@val                   cstackBANK1  00013D
printf@width                 cstackBANK1  000140
putch@data                   cstackCOMRAM 000037
readADC@channel              cstackCOMRAM 000036
read_eeprom@address          cstackCOMRAM 000035
stackhi                      (abs)        000F7F
stacklo                      (abs)        000153
standby_mode@time            cstackBANK0  0000FE
start                        init         00000E
start_initialization         cinit        0034CC
time_diff@d1                 cstackBANK0  0000F0
time_diff@d2                 cstackBANK0  0000F2
time_diff@d3                 cstackBANK0  0000F4
time_diff@hr1                cstackBANK0  0000E4
time_diff@hr2                cstackBANK0  0000E6
time_diff@min1               cstackBANK0  0000E8
time_diff@min2               cstackBANK0  0000EA
time_diff@s1                 cstackBANK0  0000EC
time_diff@s2                 cstackBANK0  0000EE
time_diff@time1              cstackBANK0  0000DE
time_diff@time2              cstackBANK0  0000E0
update_time@i                cstackCOMRAM 00003A
update_time@time             cstackCOMRAM 000038
write_eeprom@address         cstackCOMRAM 000035
write_eeprom@data            cstackCOMRAM 000037


FUNCTION INFORMATION:

 *************** function _main *****************
 Defined at:
		line 91 in file "main.c"
 Parameters:    Size  Location     Type
		None
 Auto vars:     Size  Location     Type
  i               2   24[BANK1 ] unsigned int 
  i               2   30[BANK1 ] unsigned int 
  i               2   28[BANK1 ] unsigned int 
  i               2   26[BANK1 ] unsigned int 
  counter         2   32[BANK1 ] unsigned int 
 Return value:  Size  Location     Type
                  1    wreg      void 
 Registers used:
		wreg, fsr2l, fsr2h, status,2, status,0, tblptrl, tblptrh, tblptru, prodl, prodh, cstack
 Tracked objects:
		On entry : 
		On exit  : 
		Unchanged: 
 Data sizes:     COMRAM   BANK0   BANK1   BANK2   BANK3   BANK4   BANK5   BANK6   BANK7   BANK8   BANK9  BANK10  BANK11  BANK12  BANK13  BANK14  BANK15
      Params:         0       0       0       0       0       0       0       0       0       0       0       0       0       0       0       0       0
      Locals:         0       0      10       0       0       0       0       0       0       0       0       0       0       0       0       0       0
      Temps:          0       0       2       0       0       0       0       0       0       0       0       0       0       0       0       0       0
      Totals:         0       0      12       0       0       0       0       0       0       0       0       0       0       0       0       0       0
Total ram usage:       12 bytes
 Hardware stack levels required when called:   12
 This function calls:
		_I2C_Master_Init
		_closebotlid
		_closetoplid
		_delay
		_initLCD
		_key_release
		_lcdInst
		_lcdclear
		_openbotlid
		_opentoplid
		_print
		_printf
		_readADC
		_read_eeprom
		_standby_mode
		_time_diff
		_update_time
		_wait
		_write_eeprom
 This function is called by:
		Startup code after reset
 This function uses a non-reentrant model


 *************** function _write_eeprom *****************
 Defined at:
		line 820 in file "main.c"
 Parameters:    Size  Location     Type
  address         2   52[COMRAM] unsigned int 
  data            1   54[COMRAM] unsigned char 
 Auto vars:     Size  Location     Type
		None
 Return value:  Size  Location     Type
                  1    wreg      void 
 Registers used:
		wreg, status,2
 Tracked objects:
		On entry : 
		On exit  : 
		Unchanged: 
 Data sizes:     COMRAM   BANK0   BANK1   BANK2   BANK3   BANK4   BANK5   BANK6   BANK7   BANK8   BANK9  BANK10  BANK11  BANK12  BANK13  BANK14  BANK15
      Params:         3       0       0       0       0       0       0       0       0       0       0       0       0       0       0       0       0
      Locals:         0       0       0       0       0       0       0       0       0       0       0       0       0       0       0       0       0
      Temps:          0       0       0       0       0       0       0       0       0       0       0       0       0       0       0       0       0
      Totals:         3       0       0       0       0       0       0       0       0       0       0       0       0       0       0       0       0
Total ram usage:        3 bytes
 Hardware stack levels used:    1
 Hardware stack levels required when called:    5
 This function calls:
		Nothing
 This function is called by:
		_main
 This function uses a non-reentrant model


 *************** function _wait *****************
 Defined at:
		line 679 in file "main.c"
 Parameters:    Size  Location     Type
		None
 Auto vars:     Size  Location     Type
		None
 Return value:  Size  Location     Type
                  1    wreg      void 
 Registers used:
		None
 Tracked objects:
		On entry : 
		On exit  : 
		Unchanged: 
 Data sizes:     COMRAM   BANK0   BANK1   BANK2   BANK3   BANK4   BANK5   BANK6   BANK7   BANK8   BANK9  BANK10  BANK11  BANK12  BANK13  BANK14  BANK15
      Params:         0       0       0       0       0       0       0       0       0       0       0       0       0       0       0       0       0
      Locals:         0       0       0       0       0       0       0       0       0       0       0       0       0       0       0       0       0
      Temps:          0       0       0       0       0       0       0       0       0       0       0       0       0       0       0       0       0
      Totals:         0       0       0       0       0       0       0       0       0       0       0       0       0       0       0       0       0
Total ram usage:        0 bytes
 Hardware stack levels used:    1
 Hardware stack levels required when called:    5
 This function calls:
		Nothing
 This function is called by:
		_main
 This function uses a non-reentrant model


 *************** function _time_diff *****************
 Defined at:
		line 639 in file "main.c"
 Parameters:    Size  Location     Type
  time1           2   94[BANK0 ] PTR unsigned char 
		 -> start_time(7), 
  time2           2   96[BANK0 ] PTR unsigned char 
		 -> end_time(7), 
 Auto vars:     Size  Location     Type
  d3              2  116[BANK0 ] int 
  d2              2  114[BANK0 ] int 
  d1              2  112[BANK0 ] int 
  s2              2  110[BANK0 ] int 
  s1              2  108[BANK0 ] int 
  min2            2  106[BANK0 ] int 
  min1            2  104[BANK0 ] int 
  hr2             2  102[BANK0 ] int 
  hr1             2  100[BANK0 ] int 
 Return value:  Size  Location     Type
                  2   94[BANK0 ] int 
 Registers used:
		wreg, fsr2l, fsr2h, status,2, status,0, tblptrl, tblptrh, tblptru, prodl, prodh, cstack
 Tracked objects:
		On entry : 
		On exit  : 
		Unchanged: 
 Data sizes:     COMRAM   BANK0   BANK1   BANK2   BANK3   BANK4   BANK5   BANK6   BANK7   BANK8   BANK9  BANK10  BANK11  BANK12  BANK13  BANK14  BANK15
      Params:         0       4       0       0       0       0       0       0       0       0       0       0       0       0       0       0       0
      Locals:         0      18       0       0       0       0       0       0       0       0       0       0       0       0       0       0       0
      Temps:          0       2       0       0       0       0       0       0       0       0       0       0       0       0       0       0       0
      Totals:         0      24       0       0       0       0       0       0       0       0       0       0       0       0       0       0       0
Total ram usage:       24 bytes
 Hardware stack levels used:    1
 Hardware stack levels required when called:   11
 This function calls:
		___wmul
		_dec2hex
 This function is called by:
		_main
 This function uses a non-reentrant model


 *************** function _dec2hex *****************
 Defined at:
		line 662 in file "main.c"
 Parameters:    Size  Location     Type
  num             2   78[BANK0 ] int 
 Auto vars:     Size  Location     Type
  quotient        2   92[BANK0 ] int 
  hexnum          2   90[BANK0 ] int 
  i               2   88[BANK0 ] int 
  temp            2   86[BANK0 ] int 
 Return value:  Size  Location     Type
                  2   78[BANK0 ] int 
 Registers used:
		wreg, fsr2l, fsr2h, status,2, status,0, tblptrl, tblptrh, tblptru, prodl, prodh, cstack
 Tracked objects:
		On entry : 
		On exit  : 
		Unchanged: 
 Data sizes:     COMRAM   BANK0   BANK1   BANK2   BANK3   BANK4   BANK5   BANK6   BANK7   BANK8   BANK9  BANK10  BANK11  BANK12  BANK13  BANK14  BANK15
      Params:         0       2       0       0       0       0       0       0       0       0       0       0       0       0       0       0       0
      Locals:         0      14       0       0       0       0       0       0       0       0       0       0       0       0       0       0       0
      Temps:          0       0       0       0       0       0       0       0       0       0       0       0       0       0       0       0       0
      Totals:         0      16       0       0       0       0       0       0       0       0       0       0       0       0       0       0       0
Total ram usage:       16 bytes
 Hardware stack levels used:    1
 Hardware stack levels required when called:   10
 This function calls:
		___awdiv
		___awtoft
		___ftadd
		___ftmul
		___fttol
		_pow
 This function is called by:
		_time_diff
 This function uses a non-reentrant model


 *************** function _pow *****************
 Defined at:
		line 5 in file "/Applications/microchip/xc8/v1.41/sources/common/pow.c"
 Parameters:    Size  Location     Type
  x               3   61[BANK0 ] int 
  y               3   64[BANK0 ] int 
 Auto vars:     Size  Location     Type
  yi              4   74[BANK0 ] unsigned long 
  sign            1   73[BANK0 ] unsigned char 
 Return value:  Size  Location     Type
                  3   61[BANK0 ] unsigned char 
 Registers used:
		wreg, fsr2l, fsr2h, status,2, status,0, tblptrl, tblptrh, tblptru, prodl, prodh, cstack
 Tracked objects:
		On entry : 
		On exit  : 
		Unchanged: 
 Data sizes:     COMRAM   BANK0   BANK1   BANK2   BANK3   BANK4   BANK5   BANK6   BANK7   BANK8   BANK9  BANK10  BANK11  BANK12  BANK13  BANK14  BANK15
      Params:         0       6       0       0       0       0       0       0       0       0       0       0       0       0       0       0       0
      Locals:         0      11       0       0       0       0       0       0       0       0       0       0       0       0       0       0       0
      Temps:          0       0       0       0       0       0       0       0       0       0       0       0       0       0       0       0       0
      Totals:         0      17       0       0       0       0       0       0       0       0       0       0       0       0       0       0       0
Total ram usage:       17 bytes
 Hardware stack levels used:    1
 Hardware stack levels required when called:    9
 This function calls:
		___ftge
		___ftmul
		___ftneg
		___fttol
		___lltoft
		_exp
		_log
 This function is called by:
		_dec2hex
 This function uses a non-reentrant model


 *************** function _log *****************
 Defined at:
		line 5 in file "/Applications/microchip/xc8/v1.41/sources/common/log.c"
 Parameters:    Size  Location     Type
  x               3   31[BANK0 ] unsigned char 
 Auto vars:     Size  Location     Type
  exponent        2   34[BANK0 ] int 
 Return value:  Size  Location     Type
                  3   31[BANK0 ] int 
 Registers used:
		wreg, fsr2l, fsr2h, status,2, status,0, tblptrl, tblptrh, tblptru, prodl, prodh, cstack
 Tracked objects:
		On entry : 
		On exit  : 
		Unchanged: 
 Data sizes:     COMRAM   BANK0   BANK1   BANK2   BANK3   BANK4   BANK5   BANK6   BANK7   BANK8   BANK9  BANK10  BANK11  BANK12  BANK13  BANK14  BANK15
      Params:         0       3       0       0       0       0       0       0       0       0       0       0       0       0       0       0       0
      Locals:         0       2       0       0       0       0       0       0       0       0       0       0       0       0       0       0       0
      Temps:          0       0       0       0       0       0       0       0       0       0       0       0       0       0       0       0       0
      Totals:         0       5       0       0       0       0       0       0       0       0       0       0       0       0       0       0       0
Total ram usage:        5 bytes
 Hardware stack levels used:    1
 Hardware stack levels required when called:    8
 This function calls:
		___awtoft
		___ftadd
		___ftmul
		_eval_poly
		_frexp
 This function is called by:
		_pow
 This function uses a non-reentrant model


 *************** function _exp *****************
 Defined at:
		line 12 in file "/Applications/microchip/xc8/v1.41/sources/common/exp.c"
 Parameters:    Size  Location     Type
  x               3   52[BANK0 ] int 
 Auto vars:     Size  Location     Type
  exponent        2   58[BANK0 ] int 
  sign            1   60[BANK0 ] unsigned char 
 Return value:  Size  Location     Type
                  3   52[BANK0 ] unsigned char 
 Registers used:
		wreg, fsr2l, fsr2h, status,2, status,0, tblptrl, tblptrh, tblptru, prodl, prodh, cstack
 Tracked objects:
		On entry : 
		On exit  : 
		Unchanged: 
 Data sizes:     COMRAM   BANK0   BANK1   BANK2   BANK3   BANK4   BANK5   BANK6   BANK7   BANK8   BANK9  BANK10  BANK11  BANK12  BANK13  BANK14  BANK15
      Params:         0       3       0       0       0       0       0       0       0       0       0       0       0       0       0       0       0
      Locals:         0       6       0       0       0       0       0       0       0       0       0       0       0       0       0       0       0
      Temps:          0       0       0       0       0       0       0       0       0       0       0       0       0       0       0       0       0
      Totals:         0       9       0       0       0       0       0       0       0       0       0       0       0       0       0       0       0
Total ram usage:        9 bytes
 Hardware stack levels used:    1
 Hardware stack levels required when called:    8
 This function calls:
		___awtoft
		___ftdiv
		___ftge
		___ftmul
		___ftneg
		___ftsub
		___fttol
		_eval_poly
		_floor
		_ldexp
 This function is called by:
		_pow
 This function uses a non-reentrant model


 *************** function _ldexp *****************
 Defined at:
		line 277 in file "/Applications/microchip/xc8/v1.41/sources/common/frexp.c"
 Parameters:    Size  Location     Type
  value           3   31[BANK0 ] unsigned char 
  newexp          2   34[BANK0 ] int 
 Auto vars:     Size  Location     Type
		None
 Return value:  Size  Location     Type
                  3   31[BANK0 ] int 
 Registers used:
		wreg, status,2, status,0
 Tracked objects:
		On entry : 
		On exit  : 
		Unchanged: 
 Data sizes:     COMRAM   BANK0   BANK1   BANK2   BANK3   BANK4   BANK5   BANK6   BANK7   BANK8   BANK9  BANK10  BANK11  BANK12  BANK13  BANK14  BANK15
      Params:         0       5       0       0       0       0       0       0       0       0       0       0       0       0       0       0       0
[...]
 Return value:  Size  Location     Type
                  2    0[COMRAM] unsigned int 
 Registers used:
		wreg, status,2, status,0, prodl, prodh
 Tracked objects:
		On entry : 
		On exit  : 
		Unchanged: 
 Data sizes:     COMRAM   BANK0   BANK1   BANK2   BANK3   BANK4   BANK5   BANK6   BANK7   BANK8   BANK9  BANK10  BANK11  BANK12  BANK13  BANK14  BANK15
      Params:         4       0       0       0       0       0       0       0       0       0       0       0       0       0       0       0       0
      Locals:         2       0       0       0       0       0       0       0       0       0       0       0       0       0       0       0       0
      Temps:          0       0       0       0       0       0       0       0       0       0       0       0       0       0       0       0       0
      Totals:         6       0       0       0       0       0       0       0       0       0       0       0       0       0       0       0       0
Total ram usage:        6 bytes
 Hardware stack levels used:    1
 This function calls:
		Nothing
 This function is called by:
		i2_printf
 This function uses a non-reentrant model


 *************** function i2___lwmod *****************
 Defined at:
		line 8 in file "/Applications/microchip/xc8/v1.41/sources/common/lwmod.c"
 Parameters:    Size  Location     Type
  dividend        2    7[COMRAM] unsigned int 
  divisor         2    9[COMRAM] unsigned int 
 Auto vars:     Size  Location     Type
  __lwmod         1   11[COMRAM] unsigned char 
 Return value:  Size  Location     Type
                  2    7[COMRAM] unsigned int 
 Registers used:
		wreg, status,2, status,0
 Tracked objects:
		On entry : 
		On exit  : 
		Unchanged: 
 Data sizes:     COMRAM   BANK0   BANK1   BANK2   BANK3   BANK4   BANK5   BANK6   BANK7   BANK8   BANK9  BANK10  BANK11  BANK12  BANK13  BANK14  BANK15
      Params:         4       0       0       0       0       0       0       0       0       0       0       0       0       0       0       0       0
      Locals:         1       0       0       0       0       0       0       0       0       0       0       0       0       0       0       0       0
      Temps:          0       0       0       0       0       0       0       0       0       0       0       0       0       0       0       0       0
      Totals:         5       0       0       0       0       0       0       0       0       0       0       0       0       0       0       0       0
Total ram usage:        5 bytes
 Hardware stack levels used:    1
 This function calls:
		Nothing
 This function is called by:
		i2_printf
 This function uses a non-reentrant model


 *************** function i2___lwdiv *****************
 Defined at:
		line 8 in file "/Applications/microchip/xc8/v1.41/sources/common/lwdiv.c"
 Parameters:    Size  Location     Type
  dividend        2    0[COMRAM] unsigned int 
  divisor         2    2[COMRAM] unsigned int 
 Auto vars:     Size  Location     Type
  __lwdiv         2    4[COMRAM] unsigned int 
  __lwdiv         1    6[COMRAM] unsigned char 
 Return value:  Size  Location     Type
                  2    0[COMRAM] unsigned int 
 Registers used:
		wreg, status,2, status,0
 Tracked objects:
		On entry : 
		On exit  : 
		Unchanged: 
 Data sizes:     COMRAM   BANK0   BANK1   BANK2   BANK3   BANK4   BANK5   BANK6   BANK7   BANK8   BANK9  BANK10  BANK11  BANK12  BANK13  BANK14  BANK15
      Params:         4       0       0       0       0       0       0       0       0       0       0       0       0       0       0       0       0
      Locals:         3       0       0       0       0       0       0       0       0       0       0       0       0       0       0       0       0
      Temps:          0       0       0       0       0       0       0       0       0       0       0       0       0       0       0       0       0
      Totals:         7       0       0       0       0       0       0       0       0       0       0       0       0       0       0       0       0
Total ram usage:        7 bytes
 Hardware stack levels used:    1
 This function calls:
		Nothing
 This function is called by:
		i2_printf
 This function uses a non-reentrant model


 *************** function i2_opentoplid *****************
 Defined at:
		line 751 in file "main.c"
 Parameters:    Size  Location     Type
		None
 Auto vars:     Size  Location     Type
  opentoplid      2    1[COMRAM] unsigned int 
 Return value:  Size  Location     Type
                  1    wreg      void 
 Registers used:
		wreg, status,2, status,0
 Tracked objects:
		On entry : 
		On exit  : 
		Unchanged: 
 Data sizes:     COMRAM   BANK0   BANK1   BANK2   BANK3   BANK4   BANK5   BANK6   BANK7   BANK8   BANK9  BANK10  BANK11  BANK12  BANK13  BANK14  BANK15
      Params:         0       0       0       0       0       0       0       0       0       0       0       0       0       0       0       0       0
      Locals:         2       0       0       0       0       0       0       0       0       0       0       0       0       0       0       0       0
      Temps:          1       0       0       0       0       0       0       0       0       0       0       0       0       0       0       0       0
      Totals:         3       0       0       0       0       0       0       0       0       0       0       0       0       0       0       0       0
Total ram usage:        3 bytes
 Hardware stack levels used:    1
 This function calls:
		Nothing
 This function is called by:
		_keypressed
 This function uses a non-reentrant model


 *************** function i2_lcdclear *****************
 Defined at:
		line 590 in file "main.c"
 Parameters:    Size  Location     Type
		None
 Auto vars:     Size  Location     Type
		None
 Return value:  Size  Location     Type
                  1    wreg      void 
 Registers used:
		wreg, status,2, status,0, cstack
 Tracked objects:
		On entry : 
		On exit  : 
		Unchanged: 
 Data sizes:     COMRAM   BANK0   BANK1   BANK2   BANK3   BANK4   BANK5   BANK6   BANK7   BANK8   BANK9  BANK10  BANK11  BANK12  BANK13  BANK14  BANK15
      Params:         0       0       0       0       0       0       0       0       0       0       0       0       0       0       0       0       0
      Locals:         0       0       0       0       0       0       0       0       0       0       0       0       0       0       0       0       0
      Temps:          1       0       0       0       0       0       0       0       0       0       0       0       0       0       0       0       0
      Totals:         1       0       0       0       0       0       0       0       0       0       0       0       0       0       0       0       0
Total ram usage:        1 bytes
 Hardware stack levels used:    1
 Hardware stack levels required when called:    2
 This function calls:
		i2_lcdInst
 This function is called by:
		_keypressed
 This function uses a non-reentrant model


 *************** function i2_lcdInst *****************
 Defined at:
		line 26 in file "lcd.c"
 Parameters:    Size  Location     Type
  data            1    wreg     unsigned char 
 Auto vars:     Size  Location     Type
  data            1    2[COMRAM] unsigned char 
 Return value:  Size  Location     Type
                  1    wreg      void 
 Registers used:
		wreg, status,2, status,0, cstack
 Tracked objects:
		On entry : 
		On exit  : 
		Unchanged: 
 Data sizes:     COMRAM   BANK0   BANK1   BANK2   BANK3   BANK4   BANK5   BANK6   BANK7   BANK8   BANK9  BANK10  BANK11  BANK12  BANK13  BANK14  BANK15
      Params:         0       0       0       0       0       0       0       0       0       0       0       0       0       0       0       0       0
      Locals:         1       0       0       0       0       0       0       0       0       0       0       0       0       0       0       0       0
      Temps:          0       0       0       0       0       0       0       0       0       0       0       0       0       0       0       0       0
      Totals:         1       0       0       0       0       0       0       0       0       0       0       0       0       0       0       0       0
Total ram usage:        1 bytes
 Hardware stack levels used:    1
 Hardware stack levels required when called:    1
 This function calls:
		i2_lcdNibble
 This function is called by:
		i2_lcdclear
		i2_print
 This function uses a non-reentrant model


 *************** function i2_lcdNibble *****************
 Defined at:
		line 36 in file "lcd.c"
 Parameters:    Size  Location     Type
  data            1    wreg     unsigned char 
 Auto vars:     Size  Location     Type
  data            1    1[COMRAM] unsigned char 
  lcdNibble       1    0[COMRAM] unsigned char 
 Return value:  Size  Location     Type
                  1    wreg      void 
 Registers used:
		wreg, status,2, status,0
 Tracked objects:
		On entry : 
		On exit  : 
		Unchanged: 
 Data sizes:     COMRAM   BANK0   BANK1   BANK2   BANK3   BANK4   BANK5   BANK6   BANK7   BANK8   BANK9  BANK10  BANK11  BANK12  BANK13  BANK14  BANK15
      Params:         0       0       0       0       0       0       0       0       0       0       0       0       0       0       0       0       0
      Locals:         2       0       0       0       0       0       0       0       0       0       0       0       0       0       0       0       0
      Temps:          0       0       0       0       0       0       0       0       0       0       0       0       0       0       0       0       0
      Totals:         2       0       0       0       0       0       0       0       0       0       0       0       0       0       0       0       0
Total ram usage:        2 bytes
 Hardware stack levels used:    1
 This function calls:
		Nothing
 This function is called by:
		i2_lcdInst
		i2_putch
 This function uses a non-reentrant model


 *************** function i2_delay *****************
 Defined at:
		line 654 in file "main.c"
 Parameters:    Size  Location     Type
  seconds         2    0[COMRAM] int 
 Auto vars:     Size  Location     Type
  delay           2    3[COMRAM] int 
  delay           1    5[COMRAM] unsigned char 
 Return value:  Size  Location     Type
                  1    wreg      void 
 Registers used:
		wreg, status,2, status,0
 Tracked objects:
		On entry : 
		On exit  : 
		Unchanged: 
 Data sizes:     COMRAM   BANK0   BANK1   BANK2   BANK3   BANK4   BANK5   BANK6   BANK7   BANK8   BANK9  BANK10  BANK11  BANK12  BANK13  BANK14  BANK15
      Params:         2       0       0       0       0       0       0       0       0       0       0       0       0       0       0       0       0
      Locals:         3       0       0       0       0       0       0       0       0       0       0       0       0       0       0       0       0
      Temps:          1       0       0       0       0       0       0       0       0       0       0       0       0       0       0       0       0
      Totals:         6       0       0       0       0       0       0       0       0       0       0       0       0       0       0       0       0
Total ram usage:        6 bytes
 Hardware stack levels used:    1
 This function calls:
		Nothing
 This function is called by:
		_keypressed
 This function uses a non-reentrant model


 *************** function i2_closebotlid *****************
 Defined at:
		line 787 in file "main.c"
 Parameters:    Size  Location     Type
		None
 Auto vars:     Size  Location     Type
  closebotlid     2    1[COMRAM] unsigned int 
 Return value:  Size  Location     Type
                  1    wreg      void 
 Registers used:
		wreg, status,2, status,0
 Tracked objects:
		On entry : 
		On exit  : 
		Unchanged: 
 Data sizes:     COMRAM   BANK0   BANK1   BANK2   BANK3   BANK4   BANK5   BANK6   BANK7   BANK8   BANK9  BANK10  BANK11  BANK12  BANK13  BANK14  BANK15
      Params:         0       0       0       0       0       0       0       0       0       0       0       0       0       0       0       0       0
      Locals:         2       0       0       0       0       0       0       0       0       0       0       0       0       0       0       0       0
      Temps:          1       0       0       0       0       0       0       0       0       0       0       0       0       0       0       0       0
      Totals:         3       0       0       0       0       0       0       0       0       0       0       0       0       0       0       0       0
Total ram usage:        3 bytes
 Hardware stack levels used:    1
 This function calls:
		Nothing
 This function is called by:
		_keypressed
 This function uses a non-reentrant model



MODULE INFORMATION

Module		Function		Class		Link	Load	Size
/Applications/microchip/xc8/v1.41/sources/common/altoft.c
		___altoft      		CODE           	2A40	0000	151

/Applications/microchip/xc8/v1.41/sources/common/altoft.c estimated size: 151

/Applications/microchip/xc8/v1.41/sources/common/exp.c
		_exp           		CODE           	198C	0000	539

/Applications/microchip/xc8/v1.41/sources/common/exp.c estimated size: 539

/Applications/microchip/xc8/v1.41/sources/common/evalpoly.c
		_eval_poly     		CODE           	28BA	0000	217

/Applications/microchip/xc8/v1.41/sources/common/evalpoly.c estimated size: 217

/Applications/microchip/xc8/v1.41/sources/common/doprnt.c
		_printf        		CODE           	0F6A	0000	1089

/Applications/microchip/xc8/v1.41/sources/common/doprnt.c estimated size: 1089

/Applications/microchip/xc8/v1.41/sources/common/ftneg.c
		___ftneg       		CODE           	3484	0000	37

/Applications/microchip/xc8/v1.41/sources/common/ftneg.c estimated size: 37

/Applications/microchip/xc8/v1.41/sources/common/ftsub.c
		___ftsub       		CODE           	2FD8	0000	77

/Applications/microchip/xc8/v1.41/sources/common/ftsub.c estimated size: 77

/Applications/microchip/xc8/v1.41/sources/common/float.c
		___ftpack      		CODE           	2992	0000	175

/Applications/microchip/xc8/v1.41/sources/common/float.c estimated size: 175

/Applications/microchip/xc8/v1.41/sources/common/Umul16.c
		___wmul        		CODE           	3412	0000	39

/Applications/microchip/xc8/v1.41/sources/common/Umul16.c estimated size: 39

I2C.c
		_I2C_Master_Read		CODE           	33EC	0000	39
		_I2C_Master_Wait		CODE           	356C	0000	19
		_I2C_Master_Init		CODE           	2E3C	0000	93
		_I2C_Master_Stop		CODE           	35D4	0000	9
		_I2C_Master_Write		CODE           	35C0	0000	11
		_I2C_Master_Start		CODE           	35DC	0000	9

I2C.c estimated size: 180

/Applications/microchip/xc8/v1.41/sources/common/lwmod.c
		___lwmod       		CODE           	30F2	0000	67

/Applications/microchip/xc8/v1.41/sources/common/lwmod.c estimated size: 67

/Applications/microchip/xc8/v1.41/sources/common/log.c
		_log           		CODE           	205C	0000	317

/Applications/microchip/xc8/v1.41/sources/common/log.c estimated size: 317

/Applications/microchip/xc8/v1.41/sources/common/frexp.c
		_ldexp         		CODE           	22C4	0000	277
		_frexp         		CODE           	2AD6	0000	145

/Applications/microchip/xc8/v1.41/sources/common/frexp.c estimated size: 422

/Applications/microchip/xc8/v1.41/sources/common/isdigit.c
		_isdigit       		CODE           	34EA	0000	31

/Applications/microchip/xc8/v1.41/sources/common/isdigit.c estimated size: 31

/Applications/microchip/xc8/v1.41/sources/common/floor.c
		_floor         		CODE           	25EE	0000	249

/Applications/microchip/xc8/v1.41/sources/common/floor.c estimated size: 249

/Applications/microchip/xc8/v1.41/sources/common/ftge.c
		___ftge        		CODE           	2B66	0000	145

/Applications/microchip/xc8/v1.41/sources/common/ftge.c estimated size: 145

/Applications/microchip/xc8/v1.41/sources/common/pow.c
		_pow           		CODE           	1D76	0000	419

/Applications/microchip/xc8/v1.41/sources/common/pow.c estimated size: 419

/Applications/microchip/xc8/v1.41/sources/common/ftmul.c
		___ftmul       		CODE           	2198	0000	301

/Applications/microchip/xc8/v1.41/sources/common/ftmul.c estimated size: 301

/Applications/microchip/xc8/v1.41/sources/common/ftdiv.c
		___ftdiv       		CODE           	24EA	0000	261

/Applications/microchip/xc8/v1.41/sources/common/ftdiv.c estimated size: 261

shared
		i2_print       		CODE           	332A	0000	61
		i2_printf      		CODE           	13AA	0000	891
		exp@coeff      		MEDIUMCONST    	FD6D	0000	31
		i2_I2C_Master_Start		CODE           	35EC	0000	9
		i2_putch       		CODE           	35A8	0000	13
		i2_lcdNibble   		CODE           	2F8A	0000	79
		i2_opentoplid  		CODE           	32AE	0000	63
		_dpowers       		MEDIUMCONST    	FD54	0000	11
		i2___lwdiv     		CODE           	2EEA	0000	83
		i2_isdigit     		CODE           	3508	0000	31
		i2___wmul      		CODE           	345E	0000	39
		i2_I2C_Master_Read		CODE           	3438	0000	39
		i2_lcdclear    		CODE           	353E	0000	25
		i2___lwmod     		CODE           	3134	0000	67
		_keys          		MEDIUMCONST    	FD43	0000	18
		__initialization		CODE           	34CC	0000	17
		i2_closebotlid 		CODE           	32EC	0000	63
		i2_I2C_Master_Wait		CODE           	357E	0000	19
		_hexpowers     		MEDIUMCONST    	FD5E	0000	9
		i2_I2C_Master_Stop		CODE           	35E4	0000	9
		log@coeff      		MEDIUMCONST    	FD8B	0000	28
		_curr_time     		MEDIUMCONST    	FD66	0000	8
		i2_lcdInst     		CODE           	35B4	0000	13
		i2_I2C_Master_Write		CODE           	35CA	0000	11
		i2_update_time 		CODE           	2D6E	0000	115
		i2_delay       		CODE           	30AE	0000	69

shared estimated size: 1821

/Applications/microchip/xc8/v1.41/sources/common/lwdiv.c
		___lwdiv       		CODE           	2E98	0000	83

/Applications/microchip/xc8/v1.41/sources/common/lwdiv.c estimated size: 83

/Applications/microchip/xc8/v1.41/sources/common/awdiv.c
		___awdiv       		CODE           	2BF6	0000	133

/Applications/microchip/xc8/v1.41/sources/common/awdiv.c estimated size: 133

/Applications/microchip/xc8/v1.41/sources/common/lldiv.c
		___lldiv       		CODE           	2C7A	0000	131

/Applications/microchip/xc8/v1.41/sources/common/lldiv.c estimated size: 131

/Applications/microchip/xc8/v1.41/sources/common/awtoft.c
		___awtoft      		CODE           	3366	0000	57

/Applications/microchip/xc8/v1.41/sources/common/awtoft.c estimated size: 57

lcd.c
		_putch         		CODE           	3590	0000	13
		_lcdInst       		CODE           	359C	0000	13
		_lcdNibble     		CODE           	2F3C	0000	79
		_initLCD       		CODE           	3024	0000	71

lcd.c estimated size: 176

/Applications/microchip/xc8/v1.41/sources/common/fttol.c
		___fttol       		CODE           	1F18	0000	325

/Applications/microchip/xc8/v1.41/sources/common/fttol.c estimated size: 325

main.c
		_dec2hex       		CODE           	23D8	0000	275
		_delay         		CODE           	306A	0000	69
		_lcdclear      		CODE           	3526	0000	25
		_main          		CODE           	0012	0000	3929
		_openbotlid    		CODE           	31F4	0000	63
		_key_release   		CODE           	339E	0000	41
		_update_time   		CODE           	2CFC	0000	115
		_closebotlid   		CODE           	3270	0000	63
		_print         		CODE           	3176	0000	65
		_standby_mode  		CODE           	27D4	0000	231
		_opentoplid    		CODE           	31B6	0000	63
		_keypressed    		CODE           	0008	0000	245
		_closetoplid   		CODE           	3232	0000	63
		_read_eeprom   		CODE           	3556	0000	23
		_write_eeprom  		CODE           	33C6	0000	39
		_readADC       		CODE           	34A8	0000	37
		_wait          		CODE           	35F4	0000	7
		_time_diff     		CODE           	1BA6	0000	465

main.c estimated size: 5818

/Applications/microchip/xc8/v1.41/sources/common/ftadd.c
		___ftadd       		CODE           	1724	0000	617

/Applications/microchip/xc8/v1.41/sources/common/ftadd.c estimated size: 617

/Applications/microchip/xc8/v1.41/sources/common/lltoft.c
		___lltoft      		CODE           	2DE0	0000	93

/Applications/microchip/xc8/v1.41/sources/common/lltoft.c estimated size: 93

